#5
_program
  #5
  _class
    Main
    Object
    "helloworld.cl"
    (
    #4
    _method
      main
      IO
      #3
      _dispatch
        #3
        _new
          IO
        : _no_type
        out_string
        (
        #3
        _string
          "Hello world!\n"
        : _no_type
        )
      : _no_type
    )
