#name "isprime.cl"
#1 CLASS
#1 TYPEID Main
#1 INHERITS
#1 TYPEID IO
#1 '{'
#2 OBJECTID main
#2 '('
#2 ')'
#2 ':'
#2 TYPEID Object
#2 '{'
#3 '{'
#4 OBJECTID out_string
#4 '('
#4 STR_CONST "Enter a number to check if number is prime\n"
#4 ')'
#4 ';'
#5 LET
#5 OBJECTID i
#5 ':'
#5 TYPEID Int
#5 ASSIGN
#5 OBJECTID in_int
#5 '('
#5 ')'
#5 IN
#5 '{'
#6 IF
#6 '('
#6 OBJECTID i
#6 LE
#6 INT_CONST 1
#6 ')'
#6 THEN
#6 '{'
#7 OBJECTID out_string
#7 '('
#7 STR_CONST "Invalid Input\n"
#7 ')'
#7 ';'
#8 OBJECTID abort
#8 '('
#8 ')'
#8 ';'
#9 '}'
#9 ELSE
#9 '{'
#10 IF
#10 '('
#10 OBJECTID isPrime
#10 '('
#10 OBJECTID i
#10 ')'
#10 '='
#10 INT_CONST 1
#10 ')'
#10 THEN
#11 OBJECTID out_string
#11 '('
#11 STR_CONST "Number is prime\n"
#11 ')'
#12 ELSE
#13 OBJECTID out_string
#13 '('
#13 STR_CONST "Number is composite\n"
#13 ')'
#14 FI
#14 ';'
#15 '}'
#16 FI
#16 ';'
#17 '}'
#17 ';'
#18 '}'
#19 '}'
#19 ';'
#21 OBJECTID mod
#21 '('
#21 OBJECTID i
#21 ':'
#21 TYPEID Int
#21 ','
#21 ')'
#21 ':'
#21 TYPEID Int
#21 '{'
#22 OBJECTID i
#22 '-'
#22 '('
#22 OBJECTID i
#22 '/'
#22 OBJECTID k
#22 ')'
#22 '*'
#22 OBJECTID k
#23 '}'
#23 ';'
#25 OBJECTID isPrime
#25 '('
#25 OBJECTID i
#25 ':'
#25 TYPEID Int
#25 ')'
#25 ':'
#25 TYPEID Int
#25 '{'
#26 '{'
#27 LET
#27 OBJECTID x
#27 ':'
#27 TYPEID Int
#27 ASSIGN
#27 INT_CONST 2
#27 ','
#28 OBJECTID c
#28 ':'
#28 TYPEID Int
#28 ASSIGN
#28 INT_CONST 1
#28 IN
#29 '{'
#30 WHILE
#30 '('
#30 NOT
#30 '('
#30 OBJECTID x
#30 '='
#30 OBJECTID i
#30 ')'
#30 ')'
#30 LOOP
#31 IF
#31 '('
#31 OBJECTID mod
#31 '('
#31 OBJECTID i
#31 ','
#31 OBJECTID x
#31 ')'
#31 '='
#31 INT_CONST 0
#31 ')'
#31 THEN
#31 '{'
#32 OBJECTID c
#32 ASSIGN
#32 INT_CONST 0
#32 ';'
#33 OBJECTID x
#33 ASSIGN
#33 OBJECTID i
#33 ';'
#34 '}'
#34 ELSE
#34 OBJECTID x
#34 ASSIGN
#34 OBJECTID x
#34 '+'
#34 INT_CONST 1
#34 FI
#35 POOL
#35 ';'
#36 OBJECTID c
#36 ';'
#37 '}'
#37 ';'
#38 '}'
#39 '}'
#39 ';'
#40 '}'
#40 ';'
