#19
_program
  #19
  _class
    Main
    IO
    "palin.cl"
    (
    #12
    _method
      main
      Object
      #11
      _block
        #4
        _dispatch
          #4
          _object
            self
          : _no_type
          out_string
          (
          #4
          _string
            "Enter string to check for palindrome\n"
          : _no_type
          )
        : _no_type
        #10
        _let
          str
          String
          #5
          _dispatch
            #5
            _object
              self
            : _no_type
            in_string
            (
            )
          : _no_type
          #10
          _cond
            #6
            _eq
              #6
              _object
                str
              : _no_type
              #6
              _dispatch
                #6
                _object
                  self
                : _no_type
                reverse
                (
                #6
                _object
                  str
                : _no_type
                )
              : _no_type
            : _no_type
            #7
            _dispatch
              #7
              _object
                self
              : _no_type
              out_string
              (
              #7
              _string
                "String is a Palindrome\n"
              : _no_type
              )
            : _no_type
            #9
            _dispatch
              #9
              _object
                self
              : _no_type
              out_string
              (
              #9
              _string
                "String is not a Palindrome\n"
              : _no_type
              )
            : _no_type
          : _no_type
        : _no_type
      : _no_type
    #18
    _method
      reverse
      #14
      _formal
        str
        String
      String
      #17
      _cond
        #15
        _eq
          #15
          _dispatch
            #15
            _object
              str
            : _no_type
            length
            (
            )
          : _no_type
          #15
          _int
            1
          : _no_type
        : _no_type
        #16
        _object
          str
        : _no_type
        #16
        _dispatch
          #16
          _dispatch
            #16
            _new
              String
            : _no_type
            concat
            (
            #16
            _dispatch
              #16
              _object
                str
              : _no_type
              substr
              (
              #16
              _sub
                #16
                _dispatch
                  #16
                  _object
                    str
                  : _no_type
                  length
                  (
                  )
                : _no_type
                #16
                _int
                  1
                : _no_type
              : _no_type
              #16
              _int
                1
              : _no_type
              )
            : _no_type
            )
          : _no_type
          concat
          (
          #16
          _dispatch
            #16
            _object
              self
            : _no_type
            reverse
            (
            #16
            _dispatch
              #16
              _object
                str
              : _no_type
              substr
              (
              #16
              _int
                0
              : _no_type
              #16
              _sub
                #16
                _dispatch
                  #16
                  _object
                    str
                  : _no_type
                  length
                  (
                  )
                : _no_type
                #16
                _int
                  1
                : _no_type
              : _no_type
              )
            : _no_type
            )
          : _no_type
          )
        : _no_type
      : _no_type
    )
