#name "test2.cl"
#1 CLASS
#1 TYPEID Main
#1 INHERITS
#1 TYPEID IO
#1 '{'
#2 OBJECTID str
#2 ASSIGN
#2 STR_CONST "Lorem ipsum dolor sit amet, consectetur adipiscing elit, sed do eiusmod tempor incididunt ut labore et dolore magna aliqua. Ut enim ad minim veniam, quis nostrud exercitation ullamco laboris nisi ut aliquip ex ea commodo consequat. Duis aute irure dolor in reprehenderit in voluptate velit esse cillum dolore eu fugiat nulla pariatur. Excepteur sint occaecat cupidatat non proident, sunt in culpa qui officia deserunt mollit anim id est laborum."
#2 ';'
#3 OBJECTID main
#3 '('
#3 ')'
#3 ':'
#3 TYPEID Object
#3 '{'
#4 '{'
#5 OBJECTID out_string
#5 '('
#5 STR_CONST "Enter number of numbers to multiply\n"
#5 ')'
#5 ';'
#6 OBJECTID out_int
#6 '('
#6 OBJECTID prod
#6 '('
#6 OBJECTID in_int
#6 '('
#6 ')'
#6 ')'
#6 ')'
#6 ';'
#7 OBJECTID out_string
#7 '('
#7 STR_CONST "\n"
#7 ')'
#7 ';'
#8 '}'
#9 '}'
#9 ';'
#10 OBJECTID prod
#10 '('
#10 OBJECTID i
#10 ':'
#10 TYPEID Int
#10 ')'
#10 ':'
#10 TYPEID Int
#10 '{'
#11 LET
#11 OBJECTID y
#11 ':'
#11 TYPEID Int
#11 ASSIGN
#11 INT_CONST 1
#11 IN
#11 '{'
#12 WHILE
#12 '('
#12 NOT
#12 '('
#12 OBJECTID i
#12 '='
#12 INT_CONST 0
#12 ')'
#12 ')'
#12 LOOP
#12 '{'
#13 OBJECTID out_string
#13 '('
#13 STR_CONST "Enter Number: "
#13 ')'
#13 ';'
#14 OBJECTID y
#14 ASSIGN
#14 OBJECTID y
#14 '*'
#14 OBJECTID in_int
#14 '('
#14 ')'
#14 ';'
#15 OBJECTID i
#15 ASSIGN
#15 OBJECTID i
#15 '-'
#15 INT_CONST 1
#15 ';'
#16 '}'
#17 OBJECTID y
#17 ';'
#18 '}'
#19 '}'
#19 ';'
#20 '}'
